
[header]
programm_name=HeavyWeather PRO WS 2800
programm_version=1.0
file_format_version=1.0

[time]
last_actualisation="3570941557"

[weather_picture]
comment=-1=not valid, 0=rain, 1=cloud, 2=sun
number=1

[weather_tendency]
comment1=-1=not valid, 0=no change of air pressure
comment2=1=air pressure rising,  2=air pressure falling
number=1

[storm_alarm]
comment=-1=not valid, 0=storm alarm not active, 1=storm alarm active
number=-1

[indoor_temperature]
deg_C="28.5"
deg_F="83.3"

[outdoor_temperature]
deg_C="21.5"
deg_F="70.7"

[indoor_humidity]
percent="54"

[outdoor_humidity]
percent="84"

[dewpoint]
deg_C="18.7"
deg_F="65.6"

[windchill]
deg_C="21.5"
deg_F="70.7"

[wind_speed]
mps="0.0"
kmh="0.0"
mph="0.0"
knt="0.0"
bft="0"

[wind_direction]
deg="225"
name="SW"

[rain_total]
mm="451.0"
inch="17.75"

[rain_24h]
mm="22.2"
inch="0.87"

[rain_1h]
mm="0.0"
inch="0.00"

[pressure_absolute]
hpa="---"
inHg="---"

[pressure_relative]
hpa="936.0"
inHg="27.64"
